[Firebase] ✓ Admin SDK initialized
[Firebase]   project: etlingo
[Firebase]   service account: firebase-adminsdk-fbsvc@etlingo.iam.gserviceaccount.com
==========================================
  EtLingo backend running at :5050
  Health   http://localhost:5050/api/health
  API v1   http://localhost:5050/api/v1
==========================================
[redis] connecting → redis://127.0.0.1:6379
[redis] ✓ ready (redis://127.0.0.1:6379)
[db] MySQL UP | Redis UP
[2026-09-19T19:19:38.933Z] [fcm] Firebase Messaging AVAILABLE (project "etlingo")
  Worker   campaign runner every 15s
2026-09-19T19:19:41.322Z GET /api/v1/health → 200 (4.133 ms) [anon]-
2026-09-19T19:21:44.196Z GET /api/v1/health → 200 (1.310 ms) [anon]-
2026-09-19T19:38:08.900Z GET /api/v1/admin/languages → 304 (7.275 ms) [admin#1/super]-
2026-09-19T19:38:08.907Z GET /api/v1/admin/languages → 304 (3.184 ms) [admin#1/super]-
2026-09-19T19:39:32.556Z GET /api/v1/admin/languages → 304 (5.769 ms) [admin#1/super]-
2026-09-19T19:53:40.521Z GET /api/v1/admin/languages → 304 (3.117 ms) [admin#1/super]-
2026-09-19T19:53:40.560Z GET /api/v1/admin/languages → 304 (6.964 ms) [admin#1/super]-
2026-09-19T19:53:45.067Z GET /api/v1/admin/languages → 304 (4.907 ms) [admin#1/super]-
2026-09-19T19:53:45.102Z GET /api/v1/admin/base-languages → 200 (36.354 ms) [admin#1/super]-
2026-09-19T19:53:45.110Z GET /api/v1/admin/languages → 304 (11.568 ms) [admin#1/super]-
2026-09-19T19:53:45.119Z GET /api/v1/admin/questions → 200 (11.785 ms) [admin#1/super]-
2026-09-19T19:53:45.120Z GET /api/v1/admin/base-languages → 304 (11.769 ms) [admin#1/super]-
2026-09-19T19:53:45.122Z GET /api/v1/admin/units?language_id=1 → 200 (18.271 ms) [admin#1/super]-
2026-09-19T19:53:45.124Z GET /api/v1/admin/lessons → 200 (19.163 ms) [admin#1/super]-
2026-09-19T19:53:45.132Z GET /api/v1/admin/questions → 304 (7.242 ms) [admin#1/super]-
2026-09-19T19:53:45.133Z GET /api/v1/admin/units?language_id=1 → 304 (6.253 ms) [admin#1/super]-
2026-09-19T19:53:45.135Z GET /api/v1/admin/lessons → 304 (6.679 ms) [admin#1/super]-
2026-09-19T19:55:14.830Z GET /api/v1/admin/languages → 304 (7.912 ms) [admin#1/super]-
2026-09-19T19:55:14.861Z GET /api/v1/admin/base-languages → 304 (37.725 ms) [admin#1/super]-
2026-09-19T19:55:14.878Z GET /api/v1/admin/languages → 304 (14.633 ms) [admin#1/super]-
2026-09-19T19:55:14.886Z GET /api/v1/admin/lessons → 304 (13.262 ms) [admin#1/super]-
2026-09-19T19:55:14.889Z GET /api/v1/admin/questions → 304 (14.198 ms) [admin#1/super]-
2026-09-19T19:55:14.890Z GET /api/v1/admin/base-languages → 304 (22.238 ms) [admin#1/super]-
2026-09-19T19:55:14.891Z GET /api/v1/admin/units?language_id=1 → 304 (20.456 ms) [admin#1/super]-
2026-09-19T19:55:14.901Z GET /api/v1/admin/lessons → 304 (8.423 ms) [admin#1/super]-
2026-09-19T19:55:14.903Z GET /api/v1/admin/questions → 304 (8.781 ms) [admin#1/super]-
2026-09-19T19:55:14.904Z GET /api/v1/admin/units?language_id=1 → 304 (8.458 ms) [admin#1/super]-
2026-09-19T19:55:15.357Z GET /api/v1/admin/stats → 304 (9.715 ms) [admin#1/super]-
2026-09-19T19:55:15.366Z GET /api/v1/admin/app-users → 304 (17.291 ms) [admin#1/super]-
2026-09-19T19:55:15.371Z GET /api/v1/admin/stats → 304 (6.142 ms) [admin#1/super]-
2026-09-19T19:55:15.375Z GET /api/v1/admin/app-users → 304 (6.082 ms) [admin#1/super]-
2026-09-19T19:55:18.291Z GET /api/v1/admin/languages → 304 (4.228 ms) [admin#1/super]-
2026-09-19T19:55:18.298Z GET /api/v1/admin/languages → 304 (3.773 ms) [admin#1/super]-
2026-09-19T19:55:40.705Z GET /api/v1/admin/languages → 304 (6.343 ms) [admin#1/super]-
2026-09-19T19:55:40.737Z GET /api/v1/admin/base-languages → 304 (35.819 ms) [admin#1/super]-
2026-09-19T19:55:40.748Z GET /api/v1/admin/languages → 304 (8.379 ms) [admin#1/super]-
2026-09-19T19:55:40.749Z GET /api/v1/admin/base-languages → 304 (6.835 ms) [admin#1/super]-
2026-09-19T19:55:40.759Z GET /api/v1/admin/units?language_id=1 → 304 (8.949 ms) [admin#1/super]-
2026-09-19T19:55:40.760Z GET /api/v1/admin/lessons → 304 (8.629 ms) [admin#1/super]-
2026-09-19T19:55:40.763Z GET /api/v1/admin/questions → 304 (9.872 ms) [admin#1/super]-
2026-09-19T19:55:40.771Z GET /api/v1/admin/units?language_id=1 → 304 (7.526 ms) [admin#1/super]-
2026-09-19T19:55:40.772Z GET /api/v1/admin/lessons → 304 (7.572 ms) [admin#1/super]-
2026-09-19T19:55:40.773Z GET /api/v1/admin/questions → 304 (5.362 ms) [admin#1/super]-
2026-09-19T19:55:49.595Z GET /api/v1/admin/units?language_id=8 → 200 (6.048 ms) [admin#1/super]-
2026-09-19T19:55:49.600Z GET /api/v1/admin/lessons → 304 (9.923 ms) [admin#1/super]-
2026-09-19T19:55:49.601Z GET /api/v1/admin/questions → 304 (10.548 ms) [admin#1/super]-
2026-09-19T19:55:51.439Z GET /api/v1/admin/lessons → 304 (5.006 ms) [admin#1/super]-
2026-09-19T19:55:51.549Z GET /api/v1/admin/questions → 304 (113.447 ms) [admin#1/super]-
2026-09-19T19:55:51.550Z GET /api/v1/admin/units?language_id=1 → 304 (113.889 ms) [admin#1/super]-
2026-09-19T19:56:27.875Z GET /api/v1/admin/languages → 304 (3.805 ms) [admin#1/super]-
2026-09-19T19:56:27.880Z GET /api/v1/admin/languages → 304 (3.749 ms) [admin#1/super]-
2026-09-19T19:56:28.648Z GET /api/v1/admin/languages → 304 (5.405 ms) [admin#1/super]-
2026-09-19T19:56:28.652Z GET /api/v1/admin/base-languages → 304 (8.094 ms) [admin#1/super]-
2026-09-19T19:56:28.667Z GET /api/v1/admin/languages → 304 (12.811 ms) [admin#1/super]-
2026-09-19T19:56:28.672Z GET /api/v1/admin/units?language_id=1 → 304 (12.333 ms) [admin#1/super]-
2026-09-19T19:56:28.673Z GET /api/v1/admin/base-languages → 304 (11.538 ms) [admin#1/super]-
2026-09-19T19:56:28.674Z GET /api/v1/admin/lessons → 304 (10.332 ms) [admin#1/super]-
2026-09-19T19:56:28.676Z GET /api/v1/admin/questions → 304 (11.620 ms) [admin#1/super]-
2026-09-19T19:56:28.681Z GET /api/v1/admin/units?language_id=1 → 304 (3.958 ms) [admin#1/super]-
2026-09-19T19:56:28.682Z GET /api/v1/admin/lessons → 304 (3.853 ms) [admin#1/super]-
2026-09-19T19:56:28.684Z GET /api/v1/admin/questions → 304 (4.077 ms) [admin#1/super]-
2026-09-19T19:57:29.207Z GET /api/v1/admin/languages → 304 (3.809 ms) [admin#1/super]-
2026-09-19T19:57:29.242Z GET /api/v1/admin/languages → 304 (5.020 ms) [admin#1/super]-
2026-09-19T19:57:29.246Z GET /api/v1/admin/phrases?language_id=1 → 200 (5.590 ms) [admin#1/super]-
2026-09-19T19:57:29.249Z GET /api/v1/admin/languages → 304 (4.396 ms) [admin#1/super]-
2026-09-19T19:57:30.830Z GET /api/v1/admin/languages → 304 (5.777 ms) [admin#1/super]-
2026-09-19T19:57:30.834Z GET /api/v1/admin/base-languages → 304 (7.515 ms) [admin#1/super]-
2026-09-19T19:57:30.843Z GET /api/v1/admin/languages → 304 (8.249 ms) [admin#1/super]-
2026-09-19T19:57:30.846Z GET /api/v1/admin/lessons → 304 (6.815 ms) [admin#1/super]-
2026-09-19T19:57:30.848Z GET /api/v1/admin/questions → 304 (7.200 ms) [admin#1/super]-
2026-09-19T19:57:30.850Z GET /api/v1/admin/base-languages → 304 (12.874 ms) [admin#1/super]-
2026-09-19T19:57:30.853Z GET /api/v1/admin/units?language_id=1 → 304 (14.170 ms) [admin#1/super]-
2026-09-19T19:57:30.857Z GET /api/v1/admin/lessons → 304 (5.513 ms) [admin#1/super]-
2026-09-19T19:57:30.858Z GET /api/v1/admin/questions → 304 (6.248 ms) [admin#1/super]-
2026-09-19T19:57:30.861Z GET /api/v1/admin/units?language_id=1 → 304 (5.888 ms) [admin#1/super]-
2026-09-19T19:58:09.751Z GET /api/v1/admin/app-users? → 200 (10.689 ms) [admin#1/super]-
2026-09-19T19:58:09.788Z GET /api/v1/admin/app-users? → 304 (5.839 ms) [admin#1/super]-
2026-09-19T19:58:18.534Z GET /api/v1/admin/app-users/5 → 200 (5.036 ms) [admin#1/super]-
2026-09-19T19:58:23.841Z POST /api/v1/auth/login → 200 (289.611 ms) [anon] {"email":"admin@etlang.app","password":"•••"}
2026-09-19T19:58:23.874Z GET /api/v1/admin/units → 200 (2.572 ms) [admin#1/super]-
2026-09-19T19:58:23.879Z GET /api/v1/admin/lessons → 200 (2.783 ms) [admin#1/super]-
2026-09-19T19:58:23.883Z GET /api/v1/admin/questions → 200 (2.869 ms) [admin#1/super]-
2026-09-19T19:58:23.893Z POST /api/v1/admin/units → 201 (8.495 ms) [admin#1/super] {"language_id":1,"title":"__test unit__","subtitle":"x","color_hex":"#078930","dark_hex":"#056B24","icon":"star_rounded","sort_order":99}
2026-09-19T19:58:23.903Z POST /api/v1/admin/lessons → 201 (7.282 ms) [admin#1/super] {"unit_id":5,"title":"__test lesson__","is_boss":0,"xp_reward":10,"sort_order":0,"teach_content":[]}
[2026-09-19T19:58:23.908Z] [fcm] [content] "New lesson: __test lesson__" published — broadcast notification #30 created
2026-09-19T19:58:23.911Z POST /api/v1/admin/questions → 201 (5.472 ms) [admin#1/super] {"lesson_id":10,"kind":"mcq","prompt":"Test?","sub_prompt":"","hint":"","options":[{"label":"A"},{"label":"B"}],"answer_index":0,"match_l…
[2026-09-19T19:58:23.912Z] [fcm] [content] "New lesson: __test lesson__" (new_content) → broadcasting to 2 token(s)
2026-09-19T19:58:23.971Z PUT /api/v1/admin/lessons/10 → 200 (5.859 ms) [admin#1/super] {"title":"__test lesson2__"}
2026-09-19T19:58:23.976Z DELETE /api/v1/admin/questions/17 → 204 (3.481 ms) [admin#1/super]-
2026-09-19T19:58:23.980Z DELETE /api/v1/admin/lessons/10 → 204 (3.510 ms) [admin#1/super]-
2026-09-19T19:58:23.984Z DELETE /api/v1/admin/units/5 → 204 (3.137 ms) [admin#1/super]-
[2026-09-19T19:58:24.930Z] [fcm] PART content batch of 2 token(s) → success=1 {"success":1,"messaging/registration-token-not-registered":1} | 1:messaging/registration-token-not-registered:NotRegistered
[2026-09-19T19:58:24.933Z] [fcm] [content] DONE broadcast → 1/2 accepted by FCM
[2026-09-19T19:58:27.861Z] [fcm] [send] "test" → 1 specific user(s): [5]
2026-09-19T19:58:27.872Z POST /api/v1/admin/notifications → 201 (13.136 ms) [admin#1/super] {"title":"test","body":"test","userId":5}
[2026-09-19T19:58:27.874Z] [fcm] [single] "test" → 1 device(s): fLAxnd•••Iz3mxs
[2026-09-19T19:58:28.386Z] [fcm] PART single batch of 1 token(s) → success=undefined {"messaging/registration-token-not-registered":1} | 0:messaging/registration-token-not-registered:NotRegistered
[2026-09-19T19:58:28.390Z] [fcm] [single] DONE "test" → 0/1 accepted by FCM
2026-09-19T19:59:13.646Z GET /api/v1/admin/app-users → 200 (12.492 ms) [admin#1/super]-
2026-09-19T19:59:13.682Z GET /api/v1/admin/app-users → 304 (4.868 ms) [admin#1/super]-
2026-09-19T19:59:15.686Z GET /api/v1/admin/languages → 200 (3.642 ms) [admin#1/super]-
2026-09-19T19:59:15.690Z GET /api/v1/admin/base-languages → 200 (7.039 ms) [admin#1/super]-
2026-09-19T19:59:15.694Z GET /api/v1/admin/languages → 304 (2.441 ms) [admin#1/super]-
2026-09-19T19:59:15.700Z GET /api/v1/admin/units?language_id=1 → 200 (5.476 ms) [admin#1/super]-
2026-09-19T19:59:15.703Z GET /api/v1/admin/lessons → 200 (6.820 ms) [admin#1/super]-
2026-09-19T19:59:15.704Z GET /api/v1/admin/base-languages → 304 (5.591 ms) [admin#1/super]-
2026-09-19T19:59:15.705Z GET /api/v1/admin/questions → 200 (6.242 ms) [admin#1/super]-
2026-09-19T19:59:15.711Z GET /api/v1/admin/units?language_id=1 → 304 (4.522 ms) [admin#1/super]-
2026-09-19T19:59:15.713Z GET /api/v1/admin/lessons → 304 (4.972 ms) [admin#1/super]-
2026-09-19T19:59:15.715Z GET /api/v1/admin/questions → 304 (4.849 ms) [admin#1/super]-
2026-09-19T19:59:17.917Z GET /api/v1/admin/units?language_id=1 → 304 (7.415 ms) [admin#1/super]-
2026-09-19T19:59:17.922Z GET /api/v1/admin/lessons → 304 (10.173 ms) [admin#1/super]-
2026-09-19T19:59:17.923Z GET /api/v1/admin/questions → 304 (10.061 ms) [admin#1/super]-
2026-09-19T19:59:27.078Z GET /api/v1/admin/units?language_id=1 → 304 (3.694 ms) [admin#1/super]-
2026-09-19T19:59:27.083Z GET /api/v1/admin/lessons → 304 (6.831 ms) [admin#1/super]-
2026-09-19T19:59:27.084Z GET /api/v1/admin/questions → 304 (7.461 ms) [admin#1/super]-
2026-09-19T19:59:28.010Z GET /api/v1/admin/units?language_id=1 → 304 (4.973 ms) [admin#1/super]-
2026-09-19T19:59:28.014Z GET /api/v1/admin/lessons → 304 (8.243 ms) [admin#1/super]-
2026-09-19T19:59:28.016Z GET /api/v1/admin/questions → 304 (8.867 ms) [admin#1/super]-
2026-09-19T19:59:28.080Z GET /api/v1/admin/units?language_id=3 → 200 (4.790 ms) [admin#1/super]-
2026-09-19T19:59:28.082Z GET /api/v1/admin/lessons → 304 (5.114 ms) [admin#1/super]-
2026-09-19T19:59:28.084Z GET /api/v1/admin/questions → 304 (5.501 ms) [admin#1/super]-
2026-09-19T19:59:29.388Z GET /api/v1/admin/units?language_id=3 → 304 (5.202 ms) [admin#1/super]-
2026-09-19T19:59:29.392Z GET /api/v1/admin/lessons → 304 (8.163 ms) [admin#1/super]-
2026-09-19T19:59:29.393Z GET /api/v1/admin/questions → 304 (8.291 ms) [admin#1/super]-
2026-09-19T19:59:30.052Z GET /api/v1/admin/units?language_id=3 → 304 (5.227 ms) [admin#1/super]-
2026-09-19T19:59:30.053Z GET /api/v1/admin/lessons → 304 (5.399 ms) [admin#1/super]-
2026-09-19T19:59:30.055Z GET /api/v1/admin/questions → 304 (5.564 ms) [admin#1/super]-
2026-09-19T19:59:30.849Z GET /api/v1/admin/questions → 304 (4.058 ms) [admin#1/super]-
2026-09-19T19:59:30.853Z GET /api/v1/admin/units?language_id=1 → 304 (7.172 ms) [admin#1/super]-
2026-09-19T19:59:30.854Z GET /api/v1/admin/lessons → 304 (7.627 ms) [admin#1/super]-
2026-09-19T19:59:33.097Z GET /api/v1/admin/units?language_id=1 → 304 (8.309 ms) [admin#1/super]-
2026-09-19T19:59:33.102Z GET /api/v1/admin/lessons → 304 (11.646 ms) [admin#1/super]-
2026-09-19T19:59:33.104Z GET /api/v1/admin/questions → 304 (11.966 ms) [admin#1/super]-
2026-09-19T19:59:37.181Z GET /api/v1/admin/units?language_id=1 → 304 (4.466 ms) [admin#1/super]-
2026-09-19T19:59:37.186Z GET /api/v1/admin/lessons → 304 (7.748 ms) [admin#1/super]-
2026-09-19T19:59:37.188Z GET /api/v1/admin/questions → 304 (8.705 ms) [admin#1/super]-
